C:\Program Files (x86)\Microsoft Visual Studio\2019\Community\MSBuild\Microsoft\VC\v160\Microsoft.CppBuild.targets(513,5): warning MSB8028: 中间目录(x64\Release\)包含从另一个项目(演讲比赛流程关联系统.vcxproj)共享的文件。   这会导致错误的清除和重新生成行为。
  管理系统.cpp
C:\Users\54637\source\repos\演讲比赛流程关联系统\演讲比赛流程关联系统\管理系统.cpp(192,31): warning C4267: “=”: 从“size_t”转换到“int”，可能丢失数据
C:\Program Files (x86)\Microsoft Visual Studio\2019\Community\VC\Tools\MSVC\14.29.30133\include\numeric(34,26): warning C4244: “=”: 从“double”转换到“_Ty”，可能丢失数据
          with
          [
              _Ty=int
          ]
C:\Program Files (x86)\Microsoft Visual Studio\2019\Community\VC\Tools\MSVC\14.29.30133\include\numeric(43): message : 查看对正在编译的函数 模板 实例化“_Ty std::accumulate<_InIt,_Ty,std::plus<void>>(const _InIt,const _InIt,_Ty,_Fn)”的引用
          with
          [
              _Ty=int,
              _InIt=std::_Deque_iterator<std::_Deque_val<std::_Deque_simple_types<double>>>,
              _Fn=std::plus<void>
          ]
C:\Users\54637\source\repos\演讲比赛流程关联系统\演讲比赛流程关联系统\管理系统.cpp(92): message : 查看对正在编译的函数 模板 实例化“_Ty std::accumulate<std::_Deque_iterator<std::_Deque_val<std::_Deque_simple_types<double>>>,int>(const _InIt,const _InIt,_Ty)”的引用
          with
          [
              _Ty=int,
              _InIt=std::_Deque_iterator<std::_Deque_val<std::_Deque_simple_types<double>>>
          ]
  正在生成代码
  1 of 829 functions ( 0.1%) were compiled, the rest were copied from previous compilation.
    0 functions were new in current compilation
    1 functions had inline decision re-evaluated but remain unchanged
  已完成代码的生成
  演讲比赛流程关联系统.vcxproj -> C:\Users\54637\source\repos\演讲比赛流程关联系统\x64\Release\演讲比赛流程管理系统.exe
